Archive member included to satisfy reference by file (symbol)

/opt/devkitpro/libtonc/lib/libtonc.a(tonc_irq.o)
                              main.o (irq_init)
/opt/devkitpro/libtonc/lib/libtonc.a(tonc_core.o)
                              main.o (vid_page)
/opt/devkitpro/libtonc/lib/libtonc.a(tonc_bmp8.o)
                              util.o (bmp8_hline)
/opt/devkitpro/libtonc/lib/libtonc.a(tonc_video.o)
                              main.o (vid_flip)
/opt/devkitpro/libtonc/lib/libtonc.a(tonc_input.o)
                              main.o (key_poll)
/opt/devkitpro/libtonc/lib/libtonc.a(tonc_text.o)
                              main.o (txt_init_std)
/opt/devkitpro/libtonc/lib/libtonc.a(tonc_text_bm.o)
                              util.o (bm8_putc)
/opt/devkitpro/libtonc/lib/libtonc.a(sin_lut.o)
                              main.o (sin_lut)
/opt/devkitpro/libtonc/lib/libtonc.a(tonc_bios.o)
                              main.o (VBlankIntrWait)
/opt/devkitpro/libtonc/lib/libtonc.a(div_lut.o)
                              main.o (div_lut)
/opt/devkitpro/libtonc/lib/libtonc.a(tonc_isr_master.o)
                              /opt/devkitpro/libtonc/lib/libtonc.a(tonc_irq.o) (isr_master)
/opt/devkitpro/libtonc/lib/libtonc.a(tonc_memset.o)
                              main.o (memset32)
/opt/devkitpro/libtonc/lib/libtonc.a(toncfont.o)
                              /opt/devkitpro/libtonc/lib/libtonc.a(tonc_text.o) (toncfontTiles)
/opt/devkitpro/devkitARM/bin/../lib/gcc/arm-none-eabi/11.2.0/thumb/libgcc.a(_udivsi3.o)
                              util.o (__aeabi_uidiv)
/opt/devkitpro/devkitARM/bin/../lib/gcc/arm-none-eabi/11.2.0/thumb/libgcc.a(_divsi3.o)
                              main.o (__aeabi_idiv)
/opt/devkitpro/devkitARM/bin/../lib/gcc/arm-none-eabi/11.2.0/thumb/libgcc.a(_dvmd_tls.o)
                              /opt/devkitpro/devkitARM/bin/../lib/gcc/arm-none-eabi/11.2.0/thumb/libgcc.a(_udivsi3.o) (__aeabi_idiv0)
/opt/devkitpro/devkitARM/bin/../lib/gcc/arm-none-eabi/11.2.0/../../../../arm-none-eabi/lib/thumb/libg.a(lib_a-init.o)
                              /opt/devkitpro/devkitARM/bin/../lib/gcc/arm-none-eabi/11.2.0/../../../../arm-none-eabi/lib/thumb/gba_crt0.o (__libc_init_array)
/opt/devkitpro/devkitARM/bin/../lib/gcc/arm-none-eabi/11.2.0/../../../../arm-none-eabi/lib/thumb/libg.a(lib_a-memcpy-stub.o)
                              main.o (memcpy)
/opt/devkitpro/devkitARM/bin/../lib/gcc/arm-none-eabi/11.2.0/../../../../arm-none-eabi/lib/thumb/libsysbase.a(malloc_vars.o)
                              /opt/devkitpro/devkitARM/bin/../lib/gcc/arm-none-eabi/11.2.0/../../../../arm-none-eabi/lib/thumb/gba_crt0.o (fake_heap_end)

Allocating common symbols
Common symbol       size              file

__isr_table         0x78              /opt/devkitpro/libtonc/lib/libtonc.a(tonc_irq.o)
__txt_base          0x20              /opt/devkitpro/libtonc/lib/libtonc.a(tonc_text.o)
txt_lut             0x100             /opt/devkitpro/libtonc/lib/libtonc.a(tonc_text.o)

Discarded input sections

 .text          0x0000000000000000        0x0 /opt/devkitpro/devkitARM/bin/../lib/gcc/arm-none-eabi/11.2.0/../../../../arm-none-eabi/lib/thumb/gba_crt0.o
 .data          0x0000000000000000        0x0 /opt/devkitpro/devkitARM/bin/../lib/gcc/arm-none-eabi/11.2.0/../../../../arm-none-eabi/lib/thumb/gba_crt0.o
 .bss           0x0000000000000000        0x0 /opt/devkitpro/devkitARM/bin/../lib/gcc/arm-none-eabi/11.2.0/../../../../arm-none-eabi/lib/thumb/gba_crt0.o
 .text          0x0000000000000000        0x0 /opt/devkitpro/devkitARM/bin/../lib/gcc/arm-none-eabi/11.2.0/thumb/crti.o
 .data          0x0000000000000000        0x0 /opt/devkitpro/devkitARM/bin/../lib/gcc/arm-none-eabi/11.2.0/thumb/crti.o
 .bss           0x0000000000000000        0x0 /opt/devkitpro/devkitARM/bin/../lib/gcc/arm-none-eabi/11.2.0/thumb/crti.o
 .text          0x0000000000000000        0x0 /opt/devkitpro/devkitARM/bin/../lib/gcc/arm-none-eabi/11.2.0/thumb/crtbegin.o
 .data          0x0000000000000000        0x0 /opt/devkitpro/devkitARM/bin/../lib/gcc/arm-none-eabi/11.2.0/thumb/crtbegin.o
 .bss           0x0000000000000000        0x0 /opt/devkitpro/devkitARM/bin/../lib/gcc/arm-none-eabi/11.2.0/thumb/crtbegin.o
 .rodata.all_implied_fbits
                0x0000000000000000       0x24 /opt/devkitpro/devkitARM/bin/../lib/gcc/arm-none-eabi/11.2.0/thumb/crtbegin.o
 .data.__dso_handle
                0x0000000000000000        0x4 /opt/devkitpro/devkitARM/bin/../lib/gcc/arm-none-eabi/11.2.0/thumb/crtbegin.o
 .data          0x0000000000000000        0x0 main.o
 .data          0x0000000000000000        0x0 util.o
 .bss           0x0000000000000000        0x0 util.o
 .text          0x0000000000000000        0x0 collision.o
 .data          0x0000000000000000        0x0 collision.o
 .bss           0x0000000000000000        0x0 collision.o
 .debug_info    0x0000000000000000       0x81 collision.o
 .debug_abbrev  0x0000000000000000       0x26 collision.o
 .debug_aranges
                0x0000000000000000       0x18 collision.o
 .debug_line    0x0000000000000000       0x1d collision.o
 .debug_str     0x0000000000000000      0x169 collision.o
 .comment       0x0000000000000000       0x24 collision.o
 .text          0x0000000000000000        0xc math.o
 .data          0x0000000000000000        0x0 math.o
 .bss           0x0000000000000000        0x0 math.o
 .debug_info    0x0000000000000000       0xce math.o
 .debug_abbrev  0x0000000000000000       0x75 math.o
 .debug_loclists
                0x0000000000000000       0x14 math.o
 .debug_aranges
                0x0000000000000000       0x20 math.o
 .debug_line    0x0000000000000000       0x86 math.o
 .debug_str     0x0000000000000000      0x168 math.o
 .comment       0x0000000000000000       0x24 math.o
 .debug_frame   0x0000000000000000       0x20 math.o
 .text          0x0000000000000000        0x0 img_gba_m4.o
 .data          0x0000000000000000        0x0 img_gba_m4.o
 .bss           0x0000000000000000        0x0 img_gba_m4.o
 .rodata        0x0000000000000000     0x9800 img_gba_m4.o
 .debug_info    0x0000000000000000       0x82 img_gba_m4.o
 .debug_abbrev  0x0000000000000000       0x6a img_gba_m4.o
 .debug_aranges
                0x0000000000000000       0x18 img_gba_m4.o
 .debug_line    0x0000000000000000       0x5b img_gba_m4.o
 .debug_str     0x0000000000000000      0x106 img_gba_m4.o
 .comment       0x0000000000000000       0x24 img_gba_m4.o
 .text          0x0000000000000000        0x0 WallTexture1.o
 .data          0x0000000000000000        0x0 WallTexture1.o
 .bss           0x0000000000000000        0x0 WallTexture1.o
 .rodata        0x0000000000000000      0x400 WallTexture1.o
 .debug_info    0x0000000000000000       0x68 WallTexture1.o
 .debug_abbrev  0x0000000000000000       0x4d WallTexture1.o
 .debug_aranges
                0x0000000000000000       0x18 WallTexture1.o
 .debug_line    0x0000000000000000       0x5d WallTexture1.o
 .debug_str     0x0000000000000000      0x104 WallTexture1.o
 .comment       0x0000000000000000       0x24 WallTexture1.o
 .text          0x0000000000000000        0x0 WallTexture2.o
 .data          0x0000000000000000        0x0 WallTexture2.o
 .bss           0x0000000000000000        0x0 WallTexture2.o
 .rodata        0x0000000000000000      0x400 WallTexture2.o
 .data          0x0000000000000000        0x0 /opt/devkitpro/libtonc/lib/libtonc.a(tonc_irq.o)
 .bss           0x0000000000000000        0x0 /opt/devkitpro/libtonc/lib/libtonc.a(tonc_irq.o)
 .text          0x0000000000000000      0x1c4 /opt/devkitpro/libtonc/lib/libtonc.a(tonc_core.o)
 .bss           0x0000000000000000        0x0 /opt/devkitpro/libtonc/lib/libtonc.a(tonc_core.o)
 .rodata        0x0000000000000000       0x58 /opt/devkitpro/libtonc/lib/libtonc.a(tonc_core.o)
 .data          0x0000000000000000        0x0 /opt/devkitpro/libtonc/lib/libtonc.a(tonc_bmp8.o)
 .bss           0x0000000000000000        0x0 /opt/devkitpro/libtonc/lib/libtonc.a(tonc_bmp8.o)
 .data          0x0000000000000000        0x0 /opt/devkitpro/libtonc/lib/libtonc.a(tonc_video.o)
 .bss           0x0000000000000000        0x0 /opt/devkitpro/libtonc/lib/libtonc.a(tonc_video.o)
 .bss           0x0000000000000000        0x0 /opt/devkitpro/libtonc/lib/libtonc.a(tonc_text.o)
 .data          0x0000000000000000        0x0 /opt/devkitpro/libtonc/lib/libtonc.a(tonc_text_bm.o)
 .bss           0x0000000000000000        0x0 /opt/devkitpro/libtonc/lib/libtonc.a(tonc_text_bm.o)
 .text          0x0000000000000000        0x0 /opt/devkitpro/libtonc/lib/libtonc.a(sin_lut.o)
 .data          0x0000000000000000        0x0 /opt/devkitpro/libtonc/lib/libtonc.a(sin_lut.o)
 .bss           0x0000000000000000        0x0 /opt/devkitpro/libtonc/lib/libtonc.a(sin_lut.o)
 .data          0x0000000000000000        0x0 /opt/devkitpro/libtonc/lib/libtonc.a(tonc_bios.o)
 .bss           0x0000000000000000        0x0 /opt/devkitpro/libtonc/lib/libtonc.a(tonc_bios.o)
 .text          0x0000000000000000        0x0 /opt/devkitpro/libtonc/lib/libtonc.a(div_lut.o)
 .data          0x0000000000000000        0x0 /opt/devkitpro/libtonc/lib/libtonc.a(div_lut.o)
 .bss           0x0000000000000000        0x0 /opt/devkitpro/libtonc/lib/libtonc.a(div_lut.o)
 .text          0x0000000000000000        0x0 /opt/devkitpro/libtonc/lib/libtonc.a(tonc_isr_master.o)
 .data          0x0000000000000000        0x0 /opt/devkitpro/libtonc/lib/libtonc.a(tonc_isr_master.o)
 .bss           0x0000000000000000        0x0 /opt/devkitpro/libtonc/lib/libtonc.a(tonc_isr_master.o)
 .data          0x0000000000000000        0x0 /opt/devkitpro/libtonc/lib/libtonc.a(tonc_memset.o)
 .bss           0x0000000000000000        0x0 /opt/devkitpro/libtonc/lib/libtonc.a(tonc_memset.o)
 .text          0x0000000000000000        0x0 /opt/devkitpro/libtonc/lib/libtonc.a(toncfont.o)
 .data          0x0000000000000000        0x0 /opt/devkitpro/libtonc/lib/libtonc.a(toncfont.o)
 .bss           0x0000000000000000        0x0 /opt/devkitpro/libtonc/lib/libtonc.a(toncfont.o)
 .data          0x0000000000000000        0x0 /opt/devkitpro/devkitARM/bin/../lib/gcc/arm-none-eabi/11.2.0/thumb/libgcc.a(_udivsi3.o)
 .bss           0x0000000000000000        0x0 /opt/devkitpro/devkitARM/bin/../lib/gcc/arm-none-eabi/11.2.0/thumb/libgcc.a(_udivsi3.o)
 .data          0x0000000000000000        0x0 /opt/devkitpro/devkitARM/bin/../lib/gcc/arm-none-eabi/11.2.0/thumb/libgcc.a(_divsi3.o)
 .bss           0x0000000000000000        0x0 /opt/devkitpro/devkitARM/bin/../lib/gcc/arm-none-eabi/11.2.0/thumb/libgcc.a(_divsi3.o)
 .data          0x0000000000000000        0x0 /opt/devkitpro/devkitARM/bin/../lib/gcc/arm-none-eabi/11.2.0/thumb/libgcc.a(_dvmd_tls.o)
 .bss           0x0000000000000000        0x0 /opt/devkitpro/devkitARM/bin/../lib/gcc/arm-none-eabi/11.2.0/thumb/libgcc.a(_dvmd_tls.o)
 .text          0x0000000000000000        0x0 /opt/devkitpro/devkitARM/bin/../lib/gcc/arm-none-eabi/11.2.0/../../../../arm-none-eabi/lib/thumb/libg.a(lib_a-init.o)
 .data          0x0000000000000000        0x0 /opt/devkitpro/devkitARM/bin/../lib/gcc/arm-none-eabi/11.2.0/../../../../arm-none-eabi/lib/thumb/libg.a(lib_a-init.o)
 .bss           0x0000000000000000        0x0 /opt/devkitpro/devkitARM/bin/../lib/gcc/arm-none-eabi/11.2.0/../../../../arm-none-eabi/lib/thumb/libg.a(lib_a-init.o)
 .text          0x0000000000000000        0x0 /opt/devkitpro/devkitARM/bin/../lib/gcc/arm-none-eabi/11.2.0/../../../../arm-none-eabi/lib/thumb/libg.a(lib_a-memcpy-stub.o)
 .data          0x0000000000000000        0x0 /opt/devkitpro/devkitARM/bin/../lib/gcc/arm-none-eabi/11.2.0/../../../../arm-none-eabi/lib/thumb/libg.a(lib_a-memcpy-stub.o)
 .bss           0x0000000000000000        0x0 /opt/devkitpro/devkitARM/bin/../lib/gcc/arm-none-eabi/11.2.0/../../../../arm-none-eabi/lib/thumb/libg.a(lib_a-memcpy-stub.o)
 .text          0x0000000000000000        0x0 /opt/devkitpro/devkitARM/bin/../lib/gcc/arm-none-eabi/11.2.0/../../../../arm-none-eabi/lib/thumb/libsysbase.a(malloc_vars.o)
 .data          0x0000000000000000        0x0 /opt/devkitpro/devkitARM/bin/../lib/gcc/arm-none-eabi/11.2.0/../../../../arm-none-eabi/lib/thumb/libsysbase.a(malloc_vars.o)
 .bss           0x0000000000000000        0x0 /opt/devkitpro/devkitARM/bin/../lib/gcc/arm-none-eabi/11.2.0/../../../../arm-none-eabi/lib/thumb/libsysbase.a(malloc_vars.o)
 .bss.fake_heap_start
                0x0000000000000000        0x4 /opt/devkitpro/devkitARM/bin/../lib/gcc/arm-none-eabi/11.2.0/../../../../arm-none-eabi/lib/thumb/libsysbase.a(malloc_vars.o)
 .text          0x0000000000000000        0x0 /opt/devkitpro/devkitARM/bin/../lib/gcc/arm-none-eabi/11.2.0/thumb/crtend.o
 .data          0x0000000000000000        0x0 /opt/devkitpro/devkitARM/bin/../lib/gcc/arm-none-eabi/11.2.0/thumb/crtend.o
 .bss           0x0000000000000000        0x0 /opt/devkitpro/devkitARM/bin/../lib/gcc/arm-none-eabi/11.2.0/thumb/crtend.o
 .rodata.all_implied_fbits
                0x0000000000000000       0x24 /opt/devkitpro/devkitARM/bin/../lib/gcc/arm-none-eabi/11.2.0/thumb/crtend.o
 .text          0x0000000000000000        0x0 /opt/devkitpro/devkitARM/bin/../lib/gcc/arm-none-eabi/11.2.0/thumb/crtn.o
 .data          0x0000000000000000        0x0 /opt/devkitpro/devkitARM/bin/../lib/gcc/arm-none-eabi/11.2.0/thumb/crtn.o
 .bss           0x0000000000000000        0x0 /opt/devkitpro/devkitARM/bin/../lib/gcc/arm-none-eabi/11.2.0/thumb/crtn.o

Memory Configuration

Name             Origin             Length             Attributes
rom              0x0000000008000000 0x0000000002000000
iwram            0x0000000003000000 0x0000000000008000
ewram            0x0000000002000000 0x0000000000040000
*default*        0x0000000000000000 0xffffffffffffffff

Linker script and memory map

                0x0000000008000000                __text_start = ORIGIN (rom)
                0x0000000002040000                __eheap_end = (ORIGIN (ewram) + LENGTH (ewram))
                0x0000000003000000                __iwram_start = ORIGIN (iwram)
                0x0000000003008000                __iwram_top = (ORIGIN (iwram) + LENGTH (iwram))
                0x0000000003007fa0                __sp_irq = (__iwram_top - 0x60)
                0x0000000003007f00                __sp_usr = (__sp_irq - 0xa0)
                0x0000000003007ff8                __irq_flags = 0x3007ff8
                0x0000000008000000                . = __text_start

.crt0           0x0000000008000000      0x210
 *(.crt0)
 .crt0          0x0000000008000000      0x210 /opt/devkitpro/devkitARM/bin/../lib/gcc/arm-none-eabi/11.2.0/../../../../arm-none-eabi/lib/thumb/gba_crt0.o
                0x0000000008000000                _start
                0x00000000080000c4                __boot_method
                0x00000000080000c5                __slave_number
                0x00000000080000e0                start_vector
                0x0000000008000210                . = ALIGN (0x4)

.init           0x0000000008000210        0xc
 *(SORT_NONE(.init))
 .init          0x0000000008000210        0x4 /opt/devkitpro/devkitARM/bin/../lib/gcc/arm-none-eabi/11.2.0/thumb/crti.o
                0x0000000008000210                _init
 .init          0x0000000008000214        0x8 /opt/devkitpro/devkitARM/bin/../lib/gcc/arm-none-eabi/11.2.0/thumb/crtn.o

.plt            0x000000000800021c        0x0
 *(.plt)
                0x000000000800021c                . = ALIGN (0x4)

.text           0x0000000008000220     0x28a8
 *(EXCLUDE_FILE(*.iwram*) .text*)
 .text.__do_global_dtors_aux
                0x0000000008000220       0x2c /opt/devkitpro/devkitARM/bin/../lib/gcc/arm-none-eabi/11.2.0/thumb/crtbegin.o
 .text.frame_dummy
                0x000000000800024c       0x24 /opt/devkitpro/devkitARM/bin/../lib/gcc/arm-none-eabi/11.2.0/thumb/crtbegin.o
 .text          0x0000000008000270      0x988 main.o
                0x0000000008000270                triangle_clip_transform
                0x0000000008000748                m4Init
                0x00000000080007d4                draw_scene
 .text.startup  0x0000000008000bf8      0x14c main.o
                0x0000000008000bf8                main
 .text          0x0000000008000d44      0xc08 util.o
                0x0000000008000d44                m4_putn1
                0x0000000008000db4                m4_putn2
                0x0000000008000e80                m4_putn3
                0x0000000008000fb4                m4_putn4
                0x0000000008001120                m4_tesselateAndDraw
                0x0000000008001298                m4_drawTriangle
                0x000000000800136c                m4_drawTrianglev4
                0x0000000008001430                m4_fillTriangle
                0x0000000008001570                m4_scuffedDrawHLine
                0x00000000080015c8                m4_fillTrianglev4
 .text          0x000000000800194c      0x354 /opt/devkitpro/libtonc/lib/libtonc.a(tonc_irq.o)
                0x000000000800194c                irq_init
                0x0000000008001990                irq_set_master
                0x00000000080019bc                irq_set
                0x0000000008001ae4                irq_add
                0x0000000008001b5c                irq_delete
                0x0000000008001c10                irq_enable
                0x0000000008001c58                irq_disable
 .text          0x0000000008001ca0      0x3a8 /opt/devkitpro/libtonc/lib/libtonc.a(tonc_bmp8.o)
                0x0000000008001ca0                bmp8_plot
                0x0000000008001cdc                bmp8_hline
                0x0000000008001d48                bmp8_vline
                0x0000000008001db4                bmp8_line
                0x0000000008001eec                bmp8_rect
                0x0000000008001fd0                bmp8_frame
 .text          0x0000000008002048       0x20 /opt/devkitpro/libtonc/lib/libtonc.a(tonc_video.o)
                0x0000000008002048                vid_flip
 .text          0x0000000008002068       0xa8 /opt/devkitpro/libtonc/lib/libtonc.a(tonc_input.o)
                0x0000000008002068                key_poll
                0x00000000080020bc                key_wait_till_hit
                0x00000000080020e0                key_repeat
                0x00000000080020ec                key_repeat_mask
                0x00000000080020fc                key_repeat_limits
 .text          0x0000000008002110       0xd0 /opt/devkitpro/libtonc/lib/libtonc.a(tonc_text.o)
                0x0000000008002110                txt_init_std
                0x0000000008002154                txt_bup_1toX
 .text          0x00000000080021e0      0x484 /opt/devkitpro/libtonc/lib/libtonc.a(tonc_text_bm.o)
                0x00000000080021e0                bm16_putc
                0x0000000008002224                bm8_putc
                0x00000000080022a4                bm_putc
                0x0000000008002320                bm16_puts
                0x00000000080023c0                bm8_puts
                0x00000000080024a0                bm_puts
                0x000000000800251c                bm16_clrs
                0x00000000080025cc                bm_clrs
 .text          0x0000000008002664       0x8c /opt/devkitpro/libtonc/lib/libtonc.a(tonc_bios.o)
                0x0000000008002664                SoftReset
                0x0000000008002668                RegisterRamReset
                0x000000000800266c                Halt
                0x0000000008002670                Stop
                0x0000000008002674                IntrWait
                0x0000000008002678                VBlankIntrWait
                0x000000000800267c                Div
                0x0000000008002680                DivArm
                0x0000000008002684                Sqrt
                0x0000000008002688                ArcTan
                0x000000000800268c                ArcTan2
                0x0000000008002690                CpuSet
                0x0000000008002694                CpuFastSet
                0x0000000008002698                BiosCheckSum
                0x000000000800269c                BgAffineSet
                0x00000000080026a0                ObjAffineSet
                0x00000000080026a4                BitUnPack
                0x00000000080026a8                LZ77UnCompWram
                0x00000000080026ac                LZ77UnCompVram
                0x00000000080026b0                HuffUnComp
                0x00000000080026b4                RLUnCompWram
                0x00000000080026b8                RLUnCompVram
                0x00000000080026bc                Diff8bitUnFilterWram
                0x00000000080026c0                Diff8bitUnFilterVram
                0x00000000080026c4                Diff16bitUnFilter
                0x00000000080026c8                SoundBias
                0x00000000080026cc                SoundDriverInit
                0x00000000080026d0                SoundDriverMode
                0x00000000080026d4                SoundDriverMain
                0x00000000080026d8                SoundDriverVSync
                0x00000000080026dc                SoundChannelClear
                0x00000000080026e0                MidiKey2Freq
                0x00000000080026e4                MultiBoot
                0x00000000080026e8                SoundDriverVSyncOff
                0x00000000080026ec                SoundDriverVSyncOn
 .text          0x00000000080026f0       0x3c /opt/devkitpro/libtonc/lib/libtonc.a(tonc_memset.o)
                0x00000000080026f0                memset16
 .text          0x000000000800272c      0x11c /opt/devkitpro/devkitARM/bin/../lib/gcc/arm-none-eabi/11.2.0/thumb/libgcc.a(_udivsi3.o)
                0x000000000800272c                __udivsi3
                0x000000000800272c                __aeabi_uidiv
                0x0000000008002828                __aeabi_uidivmod
 .text          0x0000000008002848      0x150 /opt/devkitpro/devkitARM/bin/../lib/gcc/arm-none-eabi/11.2.0/thumb/libgcc.a(_divsi3.o)
                0x0000000008002848                __aeabi_idiv
                0x0000000008002848                __divsi3
                0x0000000008002978                __aeabi_idivmod
 .text          0x0000000008002998        0x4 /opt/devkitpro/devkitARM/bin/../lib/gcc/arm-none-eabi/11.2.0/thumb/libgcc.a(_dvmd_tls.o)
                0x0000000008002998                __aeabi_ldiv0
                0x0000000008002998                __aeabi_idiv0
 .text.__libc_init_array
                0x000000000800299c       0x50 /opt/devkitpro/devkitARM/bin/../lib/gcc/arm-none-eabi/11.2.0/../../../../arm-none-eabi/lib/thumb/libg.a(lib_a-init.o)
                0x000000000800299c                __libc_init_array
 .text.memcpy   0x00000000080029ec       0xa8 /opt/devkitpro/devkitARM/bin/../lib/gcc/arm-none-eabi/11.2.0/../../../../arm-none-eabi/lib/thumb/libg.a(lib_a-memcpy-stub.o)
                0x00000000080029ec                memcpy
 *fill*         0x0000000008002a94        0x4 ff
 .text.memcpy.__stub
                0x0000000008002a98       0x2c linker stubs
 *(.gnu.linkonce.t.*)
 *(.text.*personality*)
 *(.gnu.warning)
 *(.glue_7t)
 .glue_7t       0x0000000008002ac8        0x0 linker stubs
 *(.glue_7)
 .glue_7        0x0000000008002ac8        0x0 linker stubs
 *(.vfp11_veneer)
 .vfp11_veneer  0x0000000008002ac8        0x0 linker stubs
                0x0000000008002ac8                . = ALIGN (0x4)
                0x0000000008002ac8                __text_end = .

.v4_bx          0x0000000008002ac8        0x0
 .v4_bx         0x0000000008002ac8        0x0 linker stubs

.iplt           0x0000000008002ac8        0x0
 .iplt          0x0000000008002ac8        0x0 /opt/devkitpro/devkitARM/bin/../lib/gcc/arm-none-eabi/11.2.0/../../../../arm-none-eabi/lib/thumb/gba_crt0.o

.fini           0x0000000008002ac8        0xc
 *(.fini)
 .fini          0x0000000008002ac8        0x4 /opt/devkitpro/devkitARM/bin/../lib/gcc/arm-none-eabi/11.2.0/thumb/crti.o
                0x0000000008002ac8                _fini
 .fini          0x0000000008002acc        0x8 /opt/devkitpro/devkitARM/bin/../lib/gcc/arm-none-eabi/11.2.0/thumb/crtn.o
                0x0000000008002ad4                . = ALIGN (0x4)

.rodata         0x0000000008002ad4      0xbc8
 *(.rodata)
 .rodata        0x0000000008002ad4       0x70 main.o
 .rodata        0x0000000008002b44       0x38 /opt/devkitpro/libtonc/lib/libtonc.a(tonc_irq.o)
 .rodata        0x0000000008002b7c      0x404 /opt/devkitpro/libtonc/lib/libtonc.a(sin_lut.o)
                0x0000000008002b7c                sin_lut
 .rodata        0x0000000008002f80      0x404 /opt/devkitpro/libtonc/lib/libtonc.a(div_lut.o)
                0x0000000008002f80                div_lut
 .rodata        0x0000000008003384      0x300 /opt/devkitpro/libtonc/lib/libtonc.a(toncfont.o)
                0x0000000008003384                toncfontTiles
 *all.rodata*(*)
 *(.roda)
 *(.rodata.*)
 .rodata.str1.4
                0x0000000008003684       0x15 util.o
 *(.gnu.linkonce.r*)
                0x000000000800369c                . = ALIGN (0x4)
 *fill*         0x0000000008003699        0x3 ff

.ARM.extab
 *(.ARM.extab* .gnu.linkonce.armextab.*)
                0x000000000800369c                __exidx_start = .

.ARM.exidx
 *(.ARM.exidx* .gnu.linkonce.armexidx.*)
                0x000000000800369c                __exidx_end = .

.ctors          0x000000000800369c        0x0
 *crtbegin.o(.ctors)
 *(EXCLUDE_FILE(*crtend.o) .ctors)
 *(SORT_BY_NAME(.ctors.*))
 *(.ctors)
                0x000000000800369c                . = ALIGN (0x4)

.dtors          0x000000000800369c        0x0
 *crtbegin.o(.dtors)
 *(EXCLUDE_FILE(*crtend.o) .dtors)
 *(SORT_BY_NAME(.dtors.*))
 *(.dtors)
                0x000000000800369c                . = ALIGN (0x4)

.eh_frame       0x000000000800369c        0x4
 *(.eh_frame)
 .eh_frame      0x000000000800369c        0x0 /opt/devkitpro/devkitARM/bin/../lib/gcc/arm-none-eabi/11.2.0/thumb/crtbegin.o
 .eh_frame      0x000000000800369c        0x4 /opt/devkitpro/devkitARM/bin/../lib/gcc/arm-none-eabi/11.2.0/thumb/crtend.o
                0x00000000080036a0                . = ALIGN (0x4)

.gcc_except_table
                0x00000000080036a0        0x0
 *(.gcc_except_table)
                0x00000000080036a0                . = ALIGN (0x4)
                0x00000000080036a0                __iwram_lma = .

.iwram          0x0000000003000000       0xf0 load address 0x00000000080036a0
                0x0000000003000000                __iwram_start__ = ABSOLUTE (.)
 *(.iwram .iwram*)
 .iwram         0x0000000003000000       0xa4 /opt/devkitpro/libtonc/lib/libtonc.a(tonc_isr_master.o)
                0x0000000003000000                isr_master
 .iwram         0x00000000030000a4       0x4c /opt/devkitpro/libtonc/lib/libtonc.a(tonc_memset.o)
                0x00000000030000a4                memset32
 *iwram.*(.text* .data*)
                0x00000000030000f0                . = ALIGN (0x4)
                0x00000000030000f0                __iwram_end__ = ABSOLUTE (.)
                0x0000000008003790                __data_lma = (__iwram_lma + SIZEOF (.iwram))

.bss            0x00000000030000f0      0x20c
                0x00000000030000f0                __bss_start = ABSOLUTE (.)
                0x00000000030000f0                __bss_start__ = ABSOLUTE (.)
 *(.dynbss)
 *(.gnu.linkonce.b*)
 *(.bss*)
 .bss.completed.1
                0x00000000030000f0        0x1 /opt/devkitpro/devkitARM/bin/../lib/gcc/arm-none-eabi/11.2.0/thumb/crtbegin.o
 *fill*         0x00000000030000f1        0x3 
 .bss.object.0  0x00000000030000f4       0x18 /opt/devkitpro/devkitARM/bin/../lib/gcc/arm-none-eabi/11.2.0/thumb/crtbegin.o
 .bss           0x000000000300010c       0x50 main.o
                0x000000000300010c                time
                0x0000000003000110                posX
                0x0000000003000114                posY
                0x0000000003000118                posZ
                0x000000000300011c                perspective
 .bss           0x000000000300015c        0x4 /opt/devkitpro/libtonc/lib/libtonc.a(tonc_input.o)
                0x000000000300015c                __key_curr
                0x000000000300015e                __key_prev
 .bss.fake_heap_end
                0x0000000003000160        0x4 /opt/devkitpro/devkitARM/bin/../lib/gcc/arm-none-eabi/11.2.0/../../../../arm-none-eabi/lib/thumb/libsysbase.a(malloc_vars.o)
                0x0000000003000160                fake_heap_end
 *(COMMON)
 COMMON         0x0000000003000164       0x78 /opt/devkitpro/libtonc/lib/libtonc.a(tonc_irq.o)
                0x0000000003000164                __isr_table
 COMMON         0x00000000030001dc      0x120 /opt/devkitpro/libtonc/lib/libtonc.a(tonc_text.o)
                0x00000000030001dc                __txt_base
                0x00000000030001fc                txt_lut
                0x00000000030002fc                . = ALIGN (0x4)
                0x00000000030002fc                __bss_end__ = ABSOLUTE (.)

.data           0x00000000030002fc       0x14 load address 0x0000000008003790
                0x00000000030002fc                __data_start__ = ABSOLUTE (.)
 *(.data*)
 .data          0x00000000030002fc        0x8 /opt/devkitpro/libtonc/lib/libtonc.a(tonc_core.o)
                0x00000000030002fc                __qran_seed
                0x0000000003000300                vid_page
 .data          0x0000000003000304        0x8 /opt/devkitpro/libtonc/lib/libtonc.a(tonc_input.o)
                0x0000000003000304                __key_rpt
 .data          0x000000000300030c        0x4 /opt/devkitpro/libtonc/lib/libtonc.a(tonc_text.o)
                0x000000000300030c                gptxt
 *(.gnu.linkonce.d*)
                0x0000000003000310                . = ALIGN (0x4)
                0x00000000080037a4                __preinit_lma = (__data_lma + SIZEOF (.data))

.igot.plt       0x0000000003000310        0x0 load address 0x00000000080037a4
 .igot.plt      0x0000000003000310        0x0 /opt/devkitpro/devkitARM/bin/../lib/gcc/arm-none-eabi/11.2.0/../../../../arm-none-eabi/lib/thumb/gba_crt0.o

.preinit_array  0x0000000003000310        0x0 load address 0x00000000080037a4
                0x0000000003000310                __preinit_array_start = ABSOLUTE (.)
 *(.preinit_array)
                0x0000000003000310                __preinit_array_end = ABSOLUTE (.)
                0x00000000080037a4                __init_lma = (__preinit_lma + SIZEOF (.preinit_array))

.init_array     0x0000000003000310        0x4 load address 0x00000000080037a4
                0x0000000003000310                __init_array_start = ABSOLUTE (.)
 *(SORT_BY_NAME(.init_array.*))
 *(.init_array)
 .init_array    0x0000000003000310        0x4 /opt/devkitpro/devkitARM/bin/../lib/gcc/arm-none-eabi/11.2.0/thumb/crtbegin.o
                0x0000000003000314                __init_array_end = ABSOLUTE (.)
                0x00000000080037a8                __fini_lma = (__init_lma + SIZEOF (.init_array))

.fini_array     0x0000000003000314        0x4 load address 0x00000000080037a8
                0x0000000003000314                __fini_array_start = ABSOLUTE (.)
 *(SORT_BY_NAME(.fini_array.*))
 *(.fini_array)
 .fini_array    0x0000000003000314        0x4 /opt/devkitpro/devkitARM/bin/../lib/gcc/arm-none-eabi/11.2.0/thumb/crtbegin.o
                0x0000000003000318                __fini_array_end = ABSOLUTE (.)
                0x00000000080037ac                __jcr_lma = (__fini_lma + SIZEOF (.fini_array))

.jcr            0x0000000003000318        0x0 load address 0x00000000080037ac
 *(.jcr)
                0x0000000003000318                __data_end__ = ABSOLUTE (.)
                0x00000000080037ac                __iwram_overlay_lma = (__jcr_lma + SIZEOF (.jcr))
                0x0000000003000318                __iwram_overlay_start = .

.iwram0         0x0000000003000318        0x0 load address 0x00000000080037ac
 *(.iwram0)
                0x0000000003000318                . = ALIGN (0x4)
                0x00000000080037ac                PROVIDE (__load_start_iwram0 = LOADADDR (.iwram0))
                0x00000000080037ac                PROVIDE (__load_stop_iwram0 = (LOADADDR (.iwram0) + SIZEOF (.iwram0)))

.iwram1         0x0000000003000318        0x0
 *(.iwram1)
                0x0000000003000318                . = ALIGN (0x4)
                [!provide]                        PROVIDE (__load_start_iwram1 = LOADADDR (.iwram1))
                [!provide]                        PROVIDE (__load_stop_iwram1 = (LOADADDR (.iwram1) + SIZEOF (.iwram1)))

.iwram2         0x0000000003000318        0x0
 *(.iwram2)
                0x0000000003000318                . = ALIGN (0x4)
                [!provide]                        PROVIDE (__load_start_iwram2 = LOADADDR (.iwram2))
                [!provide]                        PROVIDE (__load_stop_iwram2 = (LOADADDR (.iwram2) + SIZEOF (.iwram2)))

.iwram3         0x0000000003000318        0x0
 *(.iwram3)
                0x0000000003000318                . = ALIGN (0x4)
                [!provide]                        PROVIDE (__load_start_iwram3 = LOADADDR (.iwram3))
                [!provide]                        PROVIDE (__load_stop_iwram3 = (LOADADDR (.iwram3) + SIZEOF (.iwram3)))

.iwram4         0x0000000003000318        0x0
 *(.iwram4)
                0x0000000003000318                . = ALIGN (0x4)
                [!provide]                        PROVIDE (__load_start_iwram4 = LOADADDR (.iwram4))
                [!provide]                        PROVIDE (__load_stop_iwram4 = (LOADADDR (.iwram4) + SIZEOF (.iwram4)))

.iwram5         0x0000000003000318        0x0
 *(.iwram5)
                0x0000000003000318                . = ALIGN (0x4)
                [!provide]                        PROVIDE (__load_start_iwram5 = LOADADDR (.iwram5))
                [!provide]                        PROVIDE (__load_stop_iwram5 = (LOADADDR (.iwram5) + SIZEOF (.iwram5)))

.iwram6         0x0000000003000318        0x0
 *(.iwram6)
                0x0000000003000318                . = ALIGN (0x4)
                [!provide]                        PROVIDE (__load_start_iwram6 = LOADADDR (.iwram6))
                [!provide]                        PROVIDE (__load_stop_iwram6 = (LOADADDR (.iwram6) + SIZEOF (.iwram6)))

.iwram7         0x0000000003000318        0x0
 *(.iwram7)
                0x0000000003000318                . = ALIGN (0x4)
                [!provide]                        PROVIDE (__load_start_iwram7 = LOADADDR (.iwram7))
                [!provide]                        PROVIDE (__load_stop_iwram7 = (LOADADDR (.iwram7) + SIZEOF (.iwram7)))

.iwram8         0x0000000003000318        0x0
 *(.iwram8)
                0x0000000003000318                . = ALIGN (0x4)
                [!provide]                        PROVIDE (__load_start_iwram8 = LOADADDR (.iwram8))
                [!provide]                        PROVIDE (__load_stop_iwram8 = (LOADADDR (.iwram8) + SIZEOF (.iwram8)))

.iwram9         0x0000000003000318        0x0
 *(.iwram9)
                0x0000000003000318                . = ALIGN (0x4)
                [!provide]                        PROVIDE (__load_start_iwram9 = LOADADDR (.iwram9))
                [!provide]                        PROVIDE (__load_stop_iwram9 = (LOADADDR (.iwram9) + SIZEOF (.iwram9)))
                0x0000000003000318                __iwram_overlay_end = .
                0x00000000080037ac                __ewram_lma = (__iwram_overlay_lma + (__iwram_overlay_end - __iwram_overlay_start))
                0x0000000003000318                __iheap_start = .
                0x0000000002000000                __ewram_start = ORIGIN (ewram)

.ewram          0x0000000002000000        0x0 load address 0x00000000080037ac
 *(.ewram*)
                0x0000000002000000                . = ALIGN (0x4)
                0x0000000002000000                __ewram_end = ABSOLUTE (.)
                0x00000000080037ac                __pad_lma = (__ewram_lma + SIZEOF (.ewram))

.sbss           0x0000000002000000        0x0
                0x0000000002000000                __sbss_start__ = ABSOLUTE (.)
 *(.sbss*)
                0x0000000002000000                . = ALIGN (0x4)
                0x0000000002000000                __sbss_end__ = ABSOLUTE (.)
                0x0000000002000000                __end__ = ABSOLUTE (.)
                0x0000000002000000                __eheap_start = ABSOLUTE (.)

.pad            0x0000000002000000        0x8 load address 0x00000000080037ac
                0x0000000002000000        0x4 LONG 0x52416b64
                0x0000000002000004        0x4 LONG 0x4d
                0x0000000002000008                . = ALIGN (0x4)
                0x00000000080037b4                __rom_end__ = (__pad_lma + SIZEOF (.pad))

.rel.dyn        0x0000000002000008        0x0 load address 0x00000000080037b4
 .rel.iplt      0x0000000002000008        0x0 /opt/devkitpro/devkitARM/bin/../lib/gcc/arm-none-eabi/11.2.0/../../../../arm-none-eabi/lib/thumb/gba_crt0.o

.stab
 *(.stab)

.stabstr
 *(.stabstr)

.stab.excl
 *(.stab.excl)

.stab.exclstr
 *(.stab.exclstr)

.stab.index
 *(.stab.index)

.stab.indexstr
 *(.stab.indexstr)

.comment        0x0000000000000000       0x45
 *(.comment)
 .comment       0x0000000000000000       0x23 /opt/devkitpro/devkitARM/bin/../lib/gcc/arm-none-eabi/11.2.0/thumb/crtbegin.o
                                         0x24 (size before relaxing)
 .comment       0x0000000000000023       0x24 main.o
 .comment       0x0000000000000023       0x24 util.o
 .comment       0x0000000000000023       0x22 /opt/devkitpro/libtonc/lib/libtonc.a(tonc_irq.o)
                                         0x23 (size before relaxing)
 .comment       0x0000000000000045       0x23 /opt/devkitpro/libtonc/lib/libtonc.a(tonc_core.o)
 .comment       0x0000000000000045       0x23 /opt/devkitpro/libtonc/lib/libtonc.a(tonc_bmp8.o)
 .comment       0x0000000000000045       0x23 /opt/devkitpro/libtonc/lib/libtonc.a(tonc_video.o)
 .comment       0x0000000000000045       0x23 /opt/devkitpro/libtonc/lib/libtonc.a(tonc_input.o)
 .comment       0x0000000000000045       0x23 /opt/devkitpro/libtonc/lib/libtonc.a(tonc_text.o)
 .comment       0x0000000000000045       0x23 /opt/devkitpro/libtonc/lib/libtonc.a(tonc_text_bm.o)
 .comment       0x0000000000000045       0x24 /opt/devkitpro/devkitARM/bin/../lib/gcc/arm-none-eabi/11.2.0/../../../../arm-none-eabi/lib/thumb/libg.a(lib_a-init.o)
 .comment       0x0000000000000045       0x24 /opt/devkitpro/devkitARM/bin/../lib/gcc/arm-none-eabi/11.2.0/../../../../arm-none-eabi/lib/thumb/libg.a(lib_a-memcpy-stub.o)
 .comment       0x0000000000000045       0x24 /opt/devkitpro/devkitARM/bin/../lib/gcc/arm-none-eabi/11.2.0/../../../../arm-none-eabi/lib/thumb/libsysbase.a(malloc_vars.o)
 .comment       0x0000000000000045       0x24 /opt/devkitpro/devkitARM/bin/../lib/gcc/arm-none-eabi/11.2.0/thumb/crtend.o

.debug
 *(.debug)

.line
 *(.line)

.debug_srcinfo
 *(.debug_srcinfo)

.debug_sfnames
 *(.debug_sfnames)

.debug_aranges  0x0000000000000000       0x48
 *(.debug_aranges)
 .debug_aranges
                0x0000000000000000       0x28 main.o
 .debug_aranges
                0x0000000000000028       0x20 util.o

.debug_pubnames
 *(.debug_pubnames)

.debug_info     0x0000000000000000     0x45a6
 *(.debug_info)
 .debug_info    0x0000000000000000     0x1de5 main.o
 .debug_info    0x0000000000001de5     0x27c1 util.o

.debug_abbrev   0x0000000000000000      0x7af
 *(.debug_abbrev)
 .debug_abbrev  0x0000000000000000      0x40b main.o
 .debug_abbrev  0x000000000000040b      0x3a4 util.o

.debug_line     0x0000000000000000     0x3831
 *(.debug_line)
 .debug_line    0x0000000000000000     0x2099 main.o
 .debug_line    0x0000000000002099     0x1798 util.o

.debug_frame    0x0000000000000000      0x248
 *(.debug_frame)
 .debug_frame   0x0000000000000000       0xa4 main.o
 .debug_frame   0x00000000000000a4      0x1a4 util.o

.debug_str      0x0000000000000000      0x596
 *(.debug_str)
 .debug_str     0x0000000000000000      0x3eb main.o
                                        0x44d (size before relaxing)
 .debug_str     0x00000000000003eb      0x1ab util.o
                                        0x329 (size before relaxing)

.debug_loc
 *(.debug_loc)

.debug_macinfo
 *(.debug_macinfo)

.debug_weaknames
 *(.debug_weaknames)

.debug_funcnames
 *(.debug_funcnames)

.debug_typenames
 *(.debug_typenames)

.debug_varnames
 *(.debug_varnames)

.stack          0x0000000000080000        0x0
                0x0000000000080000                _stack = .
 *(.stack)

.note.gnu.arm.ident
 *(.note.gnu.arm.ident)

.ARM.attributes
                0x0000000000000000       0x2c
 *(.ARM.attributes)
 .ARM.attributes
                0x0000000000000000       0x20 /opt/devkitpro/devkitARM/bin/../lib/gcc/arm-none-eabi/11.2.0/../../../../arm-none-eabi/lib/thumb/gba_crt0.o
 .ARM.attributes
                0x0000000000000020       0x1c /opt/devkitpro/devkitARM/bin/../lib/gcc/arm-none-eabi/11.2.0/thumb/crti.o
 .ARM.attributes
                0x000000000000003c       0x2a /opt/devkitpro/devkitARM/bin/../lib/gcc/arm-none-eabi/11.2.0/thumb/crtbegin.o
 .ARM.attributes
                0x0000000000000066       0x26 main.o
 .ARM.attributes
                0x000000000000008c       0x26 util.o
 .ARM.attributes
                0x00000000000000b2       0x2c collision.o
 .ARM.attributes
                0x00000000000000de       0x26 math.o
 .ARM.attributes
                0x0000000000000104       0x2c img_gba_m4.o
 .ARM.attributes
                0x0000000000000130       0x2c WallTexture1.o
 .ARM.attributes
                0x000000000000015c       0x1a WallTexture2.o
 .ARM.attributes
                0x0000000000000176       0x2a /opt/devkitpro/libtonc/lib/libtonc.a(tonc_irq.o)
 .ARM.attributes
                0x00000000000001a0       0x2a /opt/devkitpro/libtonc/lib/libtonc.a(tonc_core.o)
 .ARM.attributes
                0x00000000000001ca       0x2a /opt/devkitpro/libtonc/lib/libtonc.a(tonc_bmp8.o)
 .ARM.attributes
                0x00000000000001f4       0x2a /opt/devkitpro/libtonc/lib/libtonc.a(tonc_video.o)
 .ARM.attributes
                0x000000000000021e       0x2a /opt/devkitpro/libtonc/lib/libtonc.a(tonc_input.o)
 .ARM.attributes
                0x0000000000000248       0x2a /opt/devkitpro/libtonc/lib/libtonc.a(tonc_text.o)
 .ARM.attributes
                0x0000000000000272       0x2a /opt/devkitpro/libtonc/lib/libtonc.a(tonc_text_bm.o)
 .ARM.attributes
                0x000000000000029c       0x1a /opt/devkitpro/libtonc/lib/libtonc.a(sin_lut.o)
 .ARM.attributes
                0x00000000000002b6       0x1a /opt/devkitpro/libtonc/lib/libtonc.a(tonc_bios.o)
 .ARM.attributes
                0x00000000000002d0       0x1a /opt/devkitpro/libtonc/lib/libtonc.a(div_lut.o)
 .ARM.attributes
                0x00000000000002ea       0x1a /opt/devkitpro/libtonc/lib/libtonc.a(tonc_isr_master.o)
 .ARM.attributes
                0x0000000000000304       0x1a /opt/devkitpro/libtonc/lib/libtonc.a(tonc_memset.o)
 .ARM.attributes
                0x000000000000031e       0x1a /opt/devkitpro/libtonc/lib/libtonc.a(toncfont.o)
 .ARM.attributes
                0x0000000000000338       0x1c /opt/devkitpro/devkitARM/bin/../lib/gcc/arm-none-eabi/11.2.0/thumb/libgcc.a(_udivsi3.o)
 .ARM.attributes
                0x0000000000000354       0x1c /opt/devkitpro/devkitARM/bin/../lib/gcc/arm-none-eabi/11.2.0/thumb/libgcc.a(_divsi3.o)
 .ARM.attributes
                0x0000000000000370       0x1c /opt/devkitpro/devkitARM/bin/../lib/gcc/arm-none-eabi/11.2.0/thumb/libgcc.a(_dvmd_tls.o)
 .ARM.attributes
                0x000000000000038c       0x2a /opt/devkitpro/devkitARM/bin/../lib/gcc/arm-none-eabi/11.2.0/../../../../arm-none-eabi/lib/thumb/libg.a(lib_a-init.o)
 .ARM.attributes
                0x00000000000003b6       0x2a /opt/devkitpro/devkitARM/bin/../lib/gcc/arm-none-eabi/11.2.0/../../../../arm-none-eabi/lib/thumb/libg.a(lib_a-memcpy-stub.o)
 .ARM.attributes
                0x00000000000003e0       0x30 /opt/devkitpro/devkitARM/bin/../lib/gcc/arm-none-eabi/11.2.0/../../../../arm-none-eabi/lib/thumb/libsysbase.a(malloc_vars.o)
 .ARM.attributes
                0x0000000000000410       0x30 /opt/devkitpro/devkitARM/bin/../lib/gcc/arm-none-eabi/11.2.0/thumb/crtend.o
 .ARM.attributes
                0x0000000000000440       0x1c /opt/devkitpro/devkitARM/bin/../lib/gcc/arm-none-eabi/11.2.0/thumb/crtn.o

/DISCARD/
 *(.note.GNU-stack)
LOAD /opt/devkitpro/devkitARM/bin/../lib/gcc/arm-none-eabi/11.2.0/../../../../arm-none-eabi/lib/thumb/gba_crt0.o
LOAD /opt/devkitpro/devkitARM/bin/../lib/gcc/arm-none-eabi/11.2.0/thumb/crti.o
LOAD /opt/devkitpro/devkitARM/bin/../lib/gcc/arm-none-eabi/11.2.0/thumb/crtbegin.o
LOAD main.o
LOAD util.o
LOAD collision.o
LOAD math.o
LOAD img_gba_m4.o
LOAD WallTexture1.o
LOAD WallTexture2.o
LOAD /opt/devkitpro/libgba/lib/libmm.a
LOAD /opt/devkitpro/libtonc/lib/libtonc.a
LOAD /opt/devkitpro/devkitARM/bin/../lib/gcc/arm-none-eabi/11.2.0/../../../../arm-none-eabi/lib/thumb/libm.a
START GROUP
LOAD /opt/devkitpro/devkitARM/bin/../lib/gcc/arm-none-eabi/11.2.0/thumb/libgcc.a
LOAD /opt/devkitpro/devkitARM/bin/../lib/gcc/arm-none-eabi/11.2.0/../../../../arm-none-eabi/lib/thumb/libg.a
LOAD /opt/devkitpro/devkitARM/bin/../lib/gcc/arm-none-eabi/11.2.0/../../../../arm-none-eabi/lib/thumb/libc.a
LOAD /opt/devkitpro/devkitARM/bin/../lib/gcc/arm-none-eabi/11.2.0/../../../../arm-none-eabi/lib/thumb/libsysbase.a
END GROUP
LOAD /opt/devkitpro/devkitARM/bin/../lib/gcc/arm-none-eabi/11.2.0/thumb/crtend.o
LOAD /opt/devkitpro/devkitARM/bin/../lib/gcc/arm-none-eabi/11.2.0/thumb/crtn.o
OUTPUT(/home/codepingu/Programming/GBADemo/GBADemo.elf elf32-littlearm)
LOAD linker stubs

.debug_loclists
                0x0000000000000000     0x416d
 .debug_loclists
                0x0000000000000000     0x1f8e main.o
 .debug_loclists
                0x0000000000001f8e     0x21df util.o

.debug_rnglists
                0x0000000000000000     0x12d5
 .debug_rnglists
                0x0000000000000000      0xe9d main.o
 .debug_rnglists
                0x0000000000000e9d      0x438 util.o
